current directory: /Users/royamoussapour/Documents/GitHub/royamoussapour.github.io/vendor/bundle/ruby/3.2.0/gems/http_parser.rb-0.8.1/ext/ruby_http_parser
/Users/royamoussapour/.rbenv/versions/3.2.2/bin/ruby extconf.rb
creating Makefile

current directory: /Users/royamoussapour/Documents/GitHub/royamoussapour.github.io/vendor/bundle/ruby/3.2.0/gems/http_parser.rb-0.8.1/ext/ruby_http_parser
make DESTDIR\= sitearchdir\=./.gem.20260510-88640-52ltp sitelibdir\=./.gem.20260510-88640-52ltp clean

current directory: /Users/royamoussapour/Documents/GitHub/royamoussapour.github.io/vendor/bundle/ruby/3.2.0/gems/http_parser.rb-0.8.1/ext/ruby_http_parser
make DESTDIR\= sitearchdir\=./.gem.20260510-88640-52ltp sitelibdir\=./.gem.20260510-88640-52ltp
compiling ruby_http_parser.c
ruby_http_parser.c:373:17: warning: comparison of integers of different signs: 'size_t' (aka 'unsigned long') and 'long' [-Wsign-compare]
  373 |     if (nparsed < len)
      |         ~~~~~~~ ^ ~~~
1 warning generated.
compiling ryah_http_parser.c
linking shared-object ruby_http_parser.bundle
ld: warning: ignoring duplicate libraries: '-lruby.3.2'

current directory: /Users/royamoussapour/Documents/GitHub/royamoussapour.github.io/vendor/bundle/ruby/3.2.0/gems/http_parser.rb-0.8.1/ext/ruby_http_parser
make DESTDIR\= sitearchdir\=./.gem.20260510-88640-52ltp sitelibdir\=./.gem.20260510-88640-52ltp install
/usr/bin/install -c -m 0755 ruby_http_parser.bundle ./.gem.20260510-88640-52ltp

current directory: /Users/royamoussapour/Documents/GitHub/royamoussapour.github.io/vendor/bundle/ruby/3.2.0/gems/http_parser.rb-0.8.1/ext/ruby_http_parser
make DESTDIR\= sitearchdir\=./.gem.20260510-88640-52ltp sitelibdir\=./.gem.20260510-88640-52ltp clean
